0 verbose cli /usr/local/bin/node /usr/local/bin/npm
1 info using npm@9.8.0
2 info using node@v20.5.1
3 timing npm:load:whichnode Completed in 3ms
4 timing config:load:defaults Completed in 5ms
5 timing config:load:file:/usr/local/lib/node_modules/npm/npmrc Completed in 1ms
6 timing config:load:builtin Completed in 1ms
7 timing config:load:cli Completed in 6ms
8 timing config:load:env Completed in 1ms
9 timing config:load:file:/Users/meharchatha/Desktop/Personal Website/frontend/.npmrc Completed in 0ms
10 timing config:load:project Completed in 1ms
11 timing config:load:file:/Users/meharchatha/.npmrc Completed in 2ms
12 timing config:load:user Completed in 3ms
13 timing config:load:file:/Users/meharchatha/.npm-global/etc/npmrc Completed in 0ms
14 timing config:load:global Completed in 0ms
15 timing config:load:setEnvs Completed in 2ms
16 timing config:load Completed in 20ms
17 timing npm:load:configload Completed in 20ms
18 timing config:load:flatten Completed in 9ms
19 timing npm:load:mkdirpcache Completed in 2ms
20 timing npm:load:mkdirplogs Completed in 59ms
21 verbose title npm install
22 verbose argv "install" "--cache" ".npm-cache"
23 timing npm:load:setTitle Completed in 39ms
24 timing npm:load:display Completed in 2ms
25 verbose logfile logs-max:10 dir:/Users/meharchatha/Desktop/Personal Website/frontend/.npm-cache/_logs/2026-01-30T20_13_21_947Z-
26 verbose logfile /Users/meharchatha/Desktop/Personal Website/frontend/.npm-cache/_logs/2026-01-30T20_13_21_947Z-debug-0.log
27 timing npm:load:logFile Completed in 99ms
28 timing npm:load:timers Completed in 0ms
29 timing npm:load:configScope Completed in 0ms
30 timing npm:load Completed in 268ms
31 timing arborist:ctor Completed in 1ms
32 timing arborist:ctor Completed in 0ms
33 silly logfile done cleaning log files
34 verbose shrinkwrap failed to load node_modules/.package-lock.json out of date, updated: node_modules
35 verbose shrinkwrap failed to load node_modules/.package-lock.json out of date, updated: node_modules
36 timing idealTree:init Completed in 171ms
37 timing idealTree:userRequests Completed in 0ms
38 silly idealTree buildDeps
39 timing idealTree:#root Completed in 0ms
40 silly fetch manifest path-key@^3.1.0
41 http fetch GET 200 https://registry.npmjs.org/npm 296ms (cache miss)
42 http fetch GET 200 https://registry.npmjs.org/path-key 122ms (cache miss)
43 silly placeDep node_modules/cross-spawn path-key@3.1.1 OK for: cross-spawn@7.0.6 want: ^3.1.0
44 timing idealTree:node_modules/cross-spawn Completed in 127ms
45 timing idealTree:node_modules/cross-spawn/node_modules/path-key Completed in 0ms
46 timing idealTree:buildDeps Completed in 128ms
47 timing idealTree:fixDepFlags Completed in 1ms
48 warn EBADENGINE Unsupported engine {
48 warn EBADENGINE   package: 'eslint-scope@8.4.0',
48 warn EBADENGINE   required: { node: '^18.18.0 || ^20.9.0 || >=21.1.0' },
48 warn EBADENGINE   current: { node: 'v20.5.1', npm: '9.8.0' }
48 warn EBADENGINE }
49 warn EBADENGINE Unsupported engine {
49 warn EBADENGINE   package: 'espree@10.4.0',
49 warn EBADENGINE   required: { node: '^18.18.0 || ^20.9.0 || >=21.1.0' },
49 warn EBADENGINE   current: { node: 'v20.5.1', npm: '9.8.0' }
49 warn EBADENGINE }
50 warn EBADENGINE Unsupported engine {
50 warn EBADENGINE   package: 'eslint-visitor-keys@4.2.1',
50 warn EBADENGINE   required: { node: '^18.18.0 || ^20.9.0 || >=21.1.0' },
50 warn EBADENGINE   current: { node: 'v20.5.1', npm: '9.8.0' }
50 warn EBADENGINE }
51 warn EBADENGINE Unsupported engine {
51 warn EBADENGINE   package: 'eslint@9.39.2',
51 warn EBADENGINE   required: { node: '^18.18.0 || ^20.9.0 || >=21.1.0' },
51 warn EBADENGINE   current: { node: 'v20.5.1', npm: '9.8.0' }
51 warn EBADENGINE }
52 warn EBADENGINE Unsupported engine {
52 warn EBADENGINE   package: 'eslint-visitor-keys@4.2.1',
52 warn EBADENGINE   required: { node: '^18.18.0 || ^20.9.0 || >=21.1.0' },
52 warn EBADENGINE   current: { node: 'v20.5.1', npm: '9.8.0' }
52 warn EBADENGINE }
53 warn EBADENGINE Unsupported engine {
53 warn EBADENGINE   package: '@eslint/config-array@0.21.1',
53 warn EBADENGINE   required: { node: '^18.18.0 || ^20.9.0 || >=21.1.0' },
53 warn EBADENGINE   current: { node: 'v20.5.1', npm: '9.8.0' }
53 warn EBADENGINE }
54 warn EBADENGINE Unsupported engine {
54 warn EBADENGINE   package: '@eslint/config-helpers@0.4.2',
54 warn EBADENGINE   required: { node: '^18.18.0 || ^20.9.0 || >=21.1.0' },
54 warn EBADENGINE   current: { node: 'v20.5.1', npm: '9.8.0' }
54 warn EBADENGINE }
55 warn EBADENGINE Unsupported engine {
55 warn EBADENGINE   package: '@eslint/eslintrc@3.3.3',
55 warn EBADENGINE   required: { node: '^18.18.0 || ^20.9.0 || >=21.1.0' },
55 warn EBADENGINE   current: { node: 'v20.5.1', npm: '9.8.0' }
55 warn EBADENGINE }
56 warn EBADENGINE Unsupported engine {
56 warn EBADENGINE   package: '@eslint/core@0.17.0',
56 warn EBADENGINE   required: { node: '^18.18.0 || ^20.9.0 || >=21.1.0' },
56 warn EBADENGINE   current: { node: 'v20.5.1', npm: '9.8.0' }
56 warn EBADENGINE }
57 warn EBADENGINE Unsupported engine {
57 warn EBADENGINE   package: '@eslint/js@9.39.2',
57 warn EBADENGINE   required: { node: '^18.18.0 || ^20.9.0 || >=21.1.0' },
57 warn EBADENGINE   current: { node: 'v20.5.1', npm: '9.8.0' }
57 warn EBADENGINE }
58 warn EBADENGINE Unsupported engine {
58 warn EBADENGINE   package: '@eslint/object-schema@2.1.7',
58 warn EBADENGINE   required: { node: '^18.18.0 || ^20.9.0 || >=21.1.0' },
58 warn EBADENGINE   current: { node: 'v20.5.1', npm: '9.8.0' }
58 warn EBADENGINE }
59 warn EBADENGINE Unsupported engine {
59 warn EBADENGINE   package: '@eslint/plugin-kit@0.4.1',
59 warn EBADENGINE   required: { node: '^18.18.0 || ^20.9.0 || >=21.1.0' },
59 warn EBADENGINE   current: { node: 'v20.5.1', npm: '9.8.0' }
59 warn EBADENGINE }
60 warn EBADENGINE Unsupported engine {
60 warn EBADENGINE   package: '@typescript-eslint/eslint-plugin@8.53.1',
60 warn EBADENGINE   required: { node: '^18.18.0 || ^20.9.0 || >=21.1.0' },
60 warn EBADENGINE   current: { node: 'v20.5.1', npm: '9.8.0' }
60 warn EBADENGINE }
61 warn EBADENGINE Unsupported engine {
61 warn EBADENGINE   package: '@typescript-eslint/parser@8.53.1',
61 warn EBADENGINE   required: { node: '^18.18.0 || ^20.9.0 || >=21.1.0' },
61 warn EBADENGINE   current: { node: 'v20.5.1', npm: '9.8.0' }
61 warn EBADENGINE }
62 warn EBADENGINE Unsupported engine {
62 warn EBADENGINE   package: '@typescript-eslint/scope-manager@8.53.1',
62 warn EBADENGINE   required: { node: '^18.18.0 || ^20.9.0 || >=21.1.0' },
62 warn EBADENGINE   current: { node: 'v20.5.1', npm: '9.8.0' }
62 warn EBADENGINE }
63 warn EBADENGINE Unsupported engine {
63 warn EBADENGINE   package: '@typescript-eslint/project-service@8.53.1',
63 warn EBADENGINE   required: { node: '^18.18.0 || ^20.9.0 || >=21.1.0' },
63 warn EBADENGINE   current: { node: 'v20.5.1', npm: '9.8.0' }
63 warn EBADENGINE }
64 warn EBADENGINE Unsupported engine {
64 warn EBADENGINE   package: '@typescript-eslint/types@8.53.1',
64 warn EBADENGINE   required: { node: '^18.18.0 || ^20.9.0 || >=21.1.0' },
64 warn EBADENGINE   current: { node: 'v20.5.1', npm: '9.8.0' }
64 warn EBADENGINE }
65 warn EBADENGINE Unsupported engine {
65 warn EBADENGINE   package: '@typescript-eslint/tsconfig-utils@8.53.1',
65 warn EBADENGINE   required: { node: '^18.18.0 || ^20.9.0 || >=21.1.0' },
65 warn EBADENGINE   current: { node: 'v20.5.1', npm: '9.8.0' }
65 warn EBADENGINE }
66 warn EBADENGINE Unsupported engine {
66 warn EBADENGINE   package: '@typescript-eslint/typescript-estree@8.53.1',
66 warn EBADENGINE   required: { node: '^18.18.0 || ^20.9.0 || >=21.1.0' },
66 warn EBADENGINE   current: { node: 'v20.5.1', npm: '9.8.0' }
66 warn EBADENGINE }
67 warn EBADENGINE Unsupported engine {
67 warn EBADENGINE   package: '@typescript-eslint/type-utils@8.53.1',
67 warn EBADENGINE   required: { node: '^18.18.0 || ^20.9.0 || >=21.1.0' },
67 warn EBADENGINE   current: { node: 'v20.5.1', npm: '9.8.0' }
67 warn EBADENGINE }
68 warn EBADENGINE Unsupported engine {
68 warn EBADENGINE   package: '@typescript-eslint/utils@8.53.1',
68 warn EBADENGINE   required: { node: '^18.18.0 || ^20.9.0 || >=21.1.0' },
68 warn EBADENGINE   current: { node: 'v20.5.1', npm: '9.8.0' }
68 warn EBADENGINE }
69 warn EBADENGINE Unsupported engine {
69 warn EBADENGINE   package: '@typescript-eslint/visitor-keys@8.53.1',
69 warn EBADENGINE   required: { node: '^18.18.0 || ^20.9.0 || >=21.1.0' },
69 warn EBADENGINE   current: { node: 'v20.5.1', npm: '9.8.0' }
69 warn EBADENGINE }
70 warn EBADENGINE Unsupported engine {
70 warn EBADENGINE   package: 'eslint-visitor-keys@4.2.1',
70 warn EBADENGINE   required: { node: '^18.18.0 || ^20.9.0 || >=21.1.0' },
70 warn EBADENGINE   current: { node: 'v20.5.1', npm: '9.8.0' }
70 warn EBADENGINE }
71 timing idealTree Completed in 311ms
72 timing reify:loadTrees Completed in 312ms
73 timing reify:diffTrees Completed in 2ms
74 silly reify mark retired [
74 silly reify   '/Users/meharchatha/Desktop/Personal Website/frontend/node_modules/path-key'
74 silly reify ]
75 silly reify moves {
75 silly reify   '/Users/meharchatha/Desktop/Personal Website/frontend/node_modules/path-key': '/Users/meharchatha/Desktop/Personal Website/frontend/node_modules/.path-key-WvAK6kUD'
75 silly reify }
76 timing reify:rollback:retireShallow Completed in 0ms
77 timing command:install Completed in 394ms
78 notice
78 notice New major version of npm available! 9.8.0 -> 11.8.0
78 notice Changelog: <https://github.com/npm/cli/releases/tag/v11.8.0>
78 notice Run `npm install -g npm@11.8.0` to update!
78 notice
79 verbose stack Error: EPERM: operation not permitted, scandir '/Users/meharchatha/Desktop/Personal Website/frontend/node_modules/path-key'
80 verbose cwd /Users/meharchatha/Desktop/Personal Website/frontend
81 verbose Darwin 23.0.0
82 verbose node v20.5.1
83 verbose npm  v9.8.0
84 error code EPERM
85 error syscall scandir
86 error path /Users/meharchatha/Desktop/Personal Website/frontend/node_modules/path-key
87 error errno -1
88 error [Error: EPERM: operation not permitted, scandir '/Users/meharchatha/Desktop/Personal Website/frontend/node_modules/path-key'] {
88 error   errno: -1,
88 error   code: 'EPERM',
88 error   syscall: 'scandir',
88 error   path: '/Users/meharchatha/Desktop/Personal Website/frontend/node_modules/path-key'
88 error }
89 error
89 error The operation was rejected by your operating system.
89 error It is likely you do not have the permissions to access this file as the current user
89 error
89 error If you believe this might be a permissions issue, please double-check the
89 error permissions of the file and its containing directories, or try running
89 error the command again as root/Administrator.
90 verbose exit -1
91 timing npm Completed in 2046ms
92 verbose unfinished npm timer reify 1769804003610
93 verbose unfinished npm timer reify:retireShallow 1769804003999
94 verbose code -1
95 error A complete log of this run can be found in: /Users/meharchatha/Desktop/Personal Website/frontend/.npm-cache/_logs/2026-01-30T20_13_21_947Z-debug-0.log
